Microchip MPLAB XC8 Compiler V2.40

Linker command line:

-W-3 \
  --edf=C:\Program Files\Microchip\xc8\v2.40\pic\dat\20220703182018_en.msgs \
  -cn -h+dist/default/debug\FinalProject.X.debug.sym \
  --cmf=dist/default/debug\FinalProject.X.debug.cmf -z -Q18F4520 \
  -oC:\Users\user\AppData\Local\Temp\xcAs2vk.4 --defsym=__MPLAB_BUILD=1 \
  --fixupoverflow=error -Mdist/default/debug/FinalProject.X.debug.map \
  --md=C:\Users\user\AppData\Local\Temp\xcAs2vk.dat -E1 -ver=XC8 Compiler \
  --acfsm=1493 -ACODE=00h-07DBFh -ACONST=00h-07DBFh \
  -ASMALLCONST=0600h-06FFhx119,07D00h-07DBFh -AMEDIUMCONST=0600h-07DBFh \
  -ACOMRAM=01h-07Fh -AABS1=00h-05F3h -ABIGRAM=01h-05F3h \
  -ARAM=080h-0FFh,0100h-01FFhx4,0500h-05F3h -ABANK0=080h-0FFh \
  -ABANK1=0100h-01FFh -ABANK2=0200h-02FFh -ABANK3=0300h-03FFh \
  -ABANK4=0400h-04FFh -ABANK5=0500h-05F3h \
  -ASFR=0F80h-0F9Bh,0F9Dh-0FD3h,0FD5h-0FDAh,0FE0h-0FE2h,0FE8h-0FEAh,0FF0h-0FFCh \
  -ABIGSFR=0F80h-0F9Bh,0F9Dh-0FD3h,0FD5h-0FDAh,0FE0h-0FE2h,0FE8h-0FEAh,0FF0h-0FFCh \
  -ACONFIG=0300000h-030000Dh -AIDLOC=0200000h-0200007h \
  -AEEDATA=0F00000h-0F000FFh -peeprom_data=EEDATA \
  -preset_vec=00h,intcode=08h,intcodelo=018h,powerup,init -pramtop=0600h \
  -psmallconst=SMALLCONST -pmediumconst=MEDIUMCONST -pconst=CONST \
  -AFARRAM=00h-00h \
  -prdata=COMRAM,nvrram=COMRAM,nvbit=COMRAM,rbss=COMRAM,rbit=COMRAM \
  -pfarbss=FARRAM,fardata=FARRAM,nvFARRAM=FARRAM \
  -pintsave_regs=BIGRAM,bigbss=BIGRAM,bigdata=BIGRAM -pbss=RAM \
  -pidata=CODE,irdata=CODE,ibigdata=CODE,ifardata=CODE -prparam=COMRAM \
  C:\Users\user\AppData\Local\Temp\xcAs2vk.o \
  dist/default/debug\FinalProject.X.debug.o 

Object code version is 3.11

Machine type is 18F4520



                Name                               Link     Load   Length Selector   Space Scale
C:\Users\user\AppData\Local\Temp\xcAs2vk.o
                idloc                            200000   200000        8        0       5
                config                           300000   300000        E        0       4
                init                                 6C       6C        4        C       0
                reset_vec                             0        0        4        0       0
dist/default/debug\FinalProject.X.debug.o
                intcodelo                            18       18       54        C       0
                intcode                               8        8        6        4       0
                idloc                            200000   200000        8        0       5
                config                           300000   300000        E        0       4
                temp                                 43       43        1        1       1
                mediumconst                        7C50     7C50      170     3E28       0
                text36                             1020     1020       C4        C       0
                text35                             139E     139E       92        C       0
                text34                             19C6     19C6       16        C       0
                text33                             1536     1536       7E        C       0
                text32                             162A     162A       74        C       0
                text31                             176C     176C       64        C       0
                text30                             10E4     10E4       C2        C       0
                text29                             1826     1826       54        C       0
                intcode_body                       14B4     14B4       82        C       0
                text27                             19B0     19B0       16        C       0
                text26                             1258     1258       B0        C       0
                text25                             169E     169E       68        C       0
                text23                              F5A      F5A       C6        C       0
                text22                             1308     1308       96        C       0
                text21                             187A     187A       44        C       0
                text20                             19DC     19DC        C        C       0
                text19                             1982     1982       18        C       0
                text18                             1430     1430       84        C       0
                text17                             11A6     11A6       B2        C       0
                text16                               70       70      39C        C       0
                text15                              D8A      D8A      108        C       0
                text14                              A84      A84      1B8        C       0
                text13                             15B4     15B4       76        C       0
                text12                             1706     1706       66        C       0
                text11                              E92      E92       C8        C       0
                text10                             17D0     17D0       56        C       0
                text9                              18BE     18BE       3C        C       0
                text8                               40C      40C      398        C       0
                text7                               7A4      7A4      2E0        C       0
                text6                              1964     1964       1E        C       0
                text5                              18FA     18FA       2A        C       0
                text4                              19F0     19F0        8        C       0
                text3                              19E8     19E8        8        C       0
                text2                              1924     1924       22        C       0
                text1                              199A     199A       16        C       0
                text0                               C3C      C3C      14E        C       0
                cstackCOMRAM                          1        1       40        1       1
                cstackBANK0                          80       80       4E       80       1
                cstackBANK1                         100      100       6E      100       1
                bssBANK0                             CE       CE       2A       80       1
                bssCOMRAM                            41       41        2        1       1
                cinit                              1946     1946       1E        C       0

TOTAL           Name                               Link     Load   Length     Space
        CLASS   CODE           
                intcodelo                            18       18       54         0
                intcode                               8        8        6         0
                init                                 6C       6C        4         0
                reset_vec                             0        0        4         0
                text36                             1020     1020       C4         0
                text35                             139E     139E       92         0
                text34                             19C6     19C6       16         0
                text33                             1536     1536       7E         0
                text32                             162A     162A       74         0
                text31                             176C     176C       64         0
                text30                             10E4     10E4       C2         0
                text29                             1826     1826       54         0
                intcode_body                       14B4     14B4       82         0
                text27                             19B0     19B0       16         0
                text26                             1258     1258       B0         0
                text25                             169E     169E       68         0
                text23                              F5A      F5A       C6         0
                text22                             1308     1308       96         0
                text21                             187A     187A       44         0
                text20                             19DC     19DC        C         0
                text19                             1982     1982       18         0
                text18                             1430     1430       84         0
                text17                             11A6     11A6       B2         0
                text16                               70       70      39C         0
                text15                              D8A      D8A      108         0
                text14                              A84      A84      1B8         0
                text13                             15B4     15B4       76         0
                text12                             1706     1706       66         0
                text11                              E92      E92       C8         0
                text10                             17D0     17D0       56         0
                text9                              18BE     18BE       3C         0
                text8                               40C      40C      398         0
                text7                               7A4      7A4      2E0         0
                text6                              1964     1964       1E         0
                text5                              18FA     18FA       2A         0
                text4                              19F0     19F0        8         0
                text3                              19E8     19E8        8         0
                text2                              1924     1924       22         0
                text1                              199A     199A       16         0
                text0                               C3C      C3C      14E         0
                cinit                              1946     1946       1E         0

        CLASS   CONST          

        CLASS   SMALLCONST     

        CLASS   MEDIUMCONST    
                mediumconst                        7C50     7C50      170         0

        CLASS   COMRAM         
                temp                                 43       43        1         1
                cstackCOMRAM                          1        1       40         1
                bssCOMRAM                            41       41        2         1

        CLASS   ABS1           

        CLASS   BIGRAM         

        CLASS   RAM            

        CLASS   BANK0          
                cstackBANK0                          80       80       4E         1
                bssBANK0                             CE       CE       2A         1

        CLASS   BANK1          
                cstackBANK1                         100      100       6E         1

        CLASS   BANK2          

        CLASS   BANK3          

        CLASS   BANK4          

        CLASS   BANK5          

        CLASS   SFR            

        CLASS   BIGSFR         

        CLASS   CONFIG         
                config                           300000   300000        E         4

        CLASS   IDLOC          
                idloc                            200000   200000        8         5

        CLASS   EEDATA         

        CLASS   FARRAM         

        CLASS   HEAP           

        CLASS   STACK          



SEGMENTS        Name                           Load    Length   Top    Selector   Space  Class

                reset_vec                      000000  000004  000004         0       0  CODE    
                cstackCOMRAM                   000001  000043  000044         1       1  COMRAM  
                intcode                        000008  000006  00000E         4       0  CODE    
                intcodelo                      000018  0019E0  0019F8         C       0  CODE    
                cstackBANK0                    000080  000078  0000F8        80       1  BANK0   
                cstackBANK1                    000100  00006E  00016E       100       1  BANK1   
                mediumconst                    007C50  000170  007DC0      3E28       0  MEDIUMCO


UNUSED ADDRESS RANGES

        Name                Unused          Largest block    Delta
        BANK0            0000F8-0000FF                8
        BANK1            00016E-0001FF               92
        BANK2            000200-0002FF              100
        BANK3            000300-0003FF              100
        BANK4            000400-0004FF              100
        BANK5            000500-0005F3               F4
        BIGRAM           000044-00007F               3C
                         0000F8-0000FF                8
                         00016E-0005F3              486
        BIGSFR           000F80-000F9B               1C
                         000F9D-000FD3               37
                         000FD5-000FDA                6
                         000FE0-000FE2                3
                         000FE8-000FEA                3
                         000FF0-000FFC                D
        CODE             000004-000007                4
                         00000E-000017                A
                         0019F8-007C4F             6258
        COMRAM           000044-00007F               3C
        CONST            000004-000007                4
                         00000E-000017                A
                         0019F8-007C4F             6258
        EEDATA           F00000-F000FF              100
        MEDIUMCONST      0019F8-007C4F             6258
        RAM              0000F8-0000FF                8
                         00016E-0005F3              100
        SFR              000F80-000F9B               1C
                         000F9D-000FD3               37
                         000FD5-000FDA                6
                         000FE0-000FE2                3
                         000FE8-000FEA                3
                         000FF0-000FFC                D
        SMALLCONST       0019F8-007C4F              100

                                  Symbol Table

?_ADC_Read                     cstackBANK0  000088
?_GetString                    cstackBANK0  000080
?___awdiv                      cstackBANK0  000080
?___awmod                      cstackBANK0  000080
?___fldiv                      cstackBANK0  00008E
?___fltol                      cstackBANK0  0000A7
?___lwdiv                      cstackBANK0  000080
?___lwmod                      cstackBANK0  000080
?___xxtofl                     cstackBANK0  000080
?_itoa                         cstackBANK0  000090
?i1___awmod                    cstackCOMRAM 000035
?i2_ADC_Read                   cstackCOMRAM 000009
?i2___awdiv                    cstackCOMRAM 000001
?i2___lwdiv                    cstackCOMRAM 000001
?i2___lwmod                    cstackCOMRAM 000001
?i2_itoa                       cstackCOMRAM 000011
ADC_Read@digital               cstackBANK0  00008C
ADC_Read@maxtime               cstackBANK0  000088
ADC_Read@result                cstackBANK0  000090
ClearBuffer@i                  cstackBANK0  000080
Hi_ISR@intstr                  cstackCOMRAM 000027
Hi_ISR@number                  cstackCOMRAM 000033
Mode1@distance                 cstackBANK0  0000C5
Mode1@flag                     cstackBANK0  0000C3
Mode1@i                        cstackBANK0  0000C7
Mode1@mes                      cstackBANK0  0000B7
Mode1@succeed                  cstackBANK0  0000C1
Mode1@time                     cstackBANK0  0000B1
Mode2@flag                     cstackBANK1  000168
Mode2@i                        cstackBANK1  00016C
Mode2@m                        cstackBANK1  000100
Mode2@min                      cstackBANK1  000164
Mode2@s                        cstackBANK1  000132
Mode2@sec                      cstackBANK1  000166
Mode2@timer                    cstackBANK1  00016A
UART_Write@data                cstackBANK0  000080
UART_Write_Text@i              cstackBANK0  00009C
UART_Write_Text@text           cstackBANK0  000098
_ADCON0                        (abs)        000FC2
_ADCON0bits                    (abs)        000FC2
_ADCON1                        (abs)        000FC1
_ADCON2                        (abs)        000FC0
_ADCON2bits                    (abs)        000FC0
_ADC_Initialize                text6        001964
_ADC_Read                      text22       001308
_ADC_Read$1596                 cstackBANK0  00008E
_ADFM                          (abs)        007E07
_ADRESH                        (abs)        000FC4
_ADRESL                        (abs)        000FC3
_BAUDCONbits                   (abs)        000FB8
_CCP1CON                       (abs)        000FBD
_CCP1CONbits                   (abs)        000FBD
_CCP1_Initialize               text5        0018FA
_CCPR1L                        (abs)        000FBE
_CREN                          (abs)        007D5C
_ClearBuffer                   text21       00187A
_GetString                     text20       0019DC
_Hi_ISR                        intcode      000008
_INTCONbits                    (abs)        000FF2
_INTERRUPT_Initialize          text4        0019F0
_IPR1bits                      (abs)        000F9F
_IRCF0                         (abs)        007E9C
_IRCF1                         (abs)        007E9D
_IRCF2                         (abs)        007E9E
_LATD                          (abs)        000F8C
_Lo_ISR                        intcodelo    000018
_Mode1                         text8        00040C
_Mode2                         text7        0007A4
_MyusartRead                   text25       00169E
_OSCILLATOR_Initialize         text3        0019E8
_PIE1bits                      (abs)        000F9D
_PIR1bits                      (abs)        000F9E
_PR2                           (abs)        000FCB
_RA2                           (abs)        007C02
_RA3                           (abs)        007C03
_RCIF                          (abs)        007CF5
_RCONbits                      (abs)        000FD0
_RCREG                         (abs)        000FAE
_RCSTAbits                     (abs)        000FAB
_SPBRG                         (abs)        000FAF
_SYSTEM_Initialize             text1        00199A
_T1CON                         (abs)        000FCD
_T2CONbits                     (abs)        000FCA
_TMR1H                         (abs)        000FCF
_TMR1L                         (abs)        000FCE
_TMR1ON                        (abs)        007E68
_TRISA                         (abs)        000F92
_TRISAbits                     (abs)        000F92
_TRISCbits                     (abs)        000F94
_TRISD                         (abs)        000F95
_TXREG                         (abs)        000FAD
_TXSTAbits                     (abs)        000FAC
_UART_Initialize               text2        001924
_UART_Write                    text19       001982
_UART_Write_Text               text18       001430
__HRAM                         (abs)        000000
__Habs1                        abs1         000000
__Hbank0                       bank0        000000
__Hbank1                       bank1        000000
__Hbank2                       bank2        000000
__Hbank3                       bank3        000000
__Hbank4                       bank4        000000
__Hbank5                       bank5        000000
__Hbigbss                      bigbss       000000
__Hbigdata                     bigdata      000000
__Hbigram                      bigram       000000
__Hbigsfr                      bigsfr       000000
__Hbss                         bss          000000
__HbssBANK0                    bssBANK0     000000
__HbssCOMRAM                   bssCOMRAM    000000
__Hcinit                       cinit        000000
__Hclrtext                     clrtext      000000
__Hcomram                      comram       000000
__Hconfig                      config       30000E
__Hconst                       const        000000
__HcstackBANK0                 cstackBANK0  000000
__HcstackBANK1                 cstackBANK1  000000
__HcstackCOMRAM                cstackCOMRAM 000000
__Hdata                        data         000000
__Heeprom_data                 eeprom_data  000000
__Hfarbss                      farbss       000000
__Hfardata                     fardata      000000
__Hheap                        heap         000000
__Hibigdata                    ibigdata     000000
__Hidata                       idata        000000
__Hidloc                       idloc        200008
__Hifardata                    ifardata     000000
__Hinit                        init         000070
__Hintcode                     intcode      00000E
__Hintcode_body                intcode_body 000000
__Hintcodelo                   intcodelo    00006C
__Hintentry                    intentry     000000
__Hintret                      intret       000000
__Hintsave_regs                intsave_regs 000000
__Hirdata                      irdata       000000
__Hmediumconst                 mediumconst  007DC0
__HnvFARRAM                    nvFARRAM     000000
__Hnvbit                       nvbit        000000
__Hnvrram                      nvrram       000000
__Hparam                       rparam       000000
__Hpowerup                     powerup      00006C
__Hram                         ram          000000
__Hramtop                      ramtop       000600
__Hrbit                        rbit         000000
__Hrbss                        rbss         000000
__Hrdata                       rdata        000000
__Hreset_vec                   reset_vec    000004
__Hrparam                      rparam       000000
__Hsfr                         sfr          000000
__Hsmallconst                  smallconst   000000
__Hspace_0                     (abs)        007DC0
__Hspace_1                     (abs)        00016E
__Hspace_2                     (abs)        000000
__Hspace_4                     (abs)        60000E
__Hstack                       stack        000000
__Hstruct                      struct       000000
__Htemp                        temp         000044
__Htext                        text         000000
__Htext0                       text0        000000
__Htext1                       text1        000000
__Htext10                      text10       000000
__Htext11                      text11       000000
__Htext12                      text12       000000
__Htext13                      text13       000000
__Htext14                      text14       000000
__Htext15                      text15       000000
__Htext16                      text16       000000
__Htext17                      text17       000000
__Htext18                      text18       000000
__Htext19                      text19       000000
__Htext2                       text2        000000
__Htext20                      text20       000000
__Htext21                      text21       000000
__Htext22                      text22       000000
__Htext23                      text23       000000
__Htext25                      text25       000000
__Htext26                      text26       000000
__Htext27                      text27       000000
__Htext29                      text29       000000
__Htext3                       text3        000000
__Htext30                      text30       000000
__Htext31                      text31       000000
__Htext32                      text32       000000
__Htext33                      text33       000000
__Htext34                      text34       000000
__Htext35                      text35       000000
__Htext36                      text36       000000
__Htext4                       text4        000000
__Htext5                       text5        000000
__Htext6                       text6        000000
__Htext7                       text7        000000
__Htext8                       text8        000000
__Htext9                       text9        000000
__LRAM                         (abs)        000001
__Labs1                        abs1         000000
__Lbank0                       bank0        000000
__Lbank1                       bank1        000000
__Lbank2                       bank2        000000
__Lbank3                       bank3        000000
__Lbank4                       bank4        000000
__Lbank5                       bank5        000000
__Lbigbss                      bigbss       000000
__Lbigdata                     bigdata      000000
__Lbigram                      bigram       000000
__Lbigsfr                      bigsfr       000000
__Lbss                         bss          000000
__LbssBANK0                    bssBANK0     000000
__LbssCOMRAM                   bssCOMRAM    000000
__Lcinit                       cinit        000000
__Lclrtext                     clrtext      000000
__Lcomram                      comram       000000
__Lconfig                      config       000000
__Lconst                       const        000000
__LcstackBANK0                 cstackBANK0  000000
__LcstackBANK1                 cstackBANK1  000000
__LcstackCOMRAM                cstackCOMRAM 000000
__Ldata                        data         000000
__Leeprom_data                 eeprom_data  000000
__Lfarbss                      farbss       000000
__Lfardata                     fardata      000000
__Lheap                        heap         000000
__Libigdata                    ibigdata     000000
__Lidata                       idata        000000
__Lidloc                       idloc        000000
__Lifardata                    ifardata     000000
__Linit                        init         00006C
__Lintcode                     intcode      000008
__Lintcode_body                intcode_body 000000
__Lintcodelo                   intcodelo    000018
__Lintentry                    intentry     000000
__Lintret                      intret       000000
__Lintsave_regs                intsave_regs 000000
__Lirdata                      irdata       000000
__Lmediumconst                 mediumconst  007C50
__LnvFARRAM                    nvFARRAM     000000
__Lnvbit                       nvbit        000000
__Lnvrram                      nvrram       000000
__Lparam                       rparam       000000
__Lpowerup                     powerup      00006C
__Lram                         ram          000000
__Lramtop                      ramtop       000600
__Lrbit                        rbit         000000
__Lrbss                        rbss         000000
__Lrdata                       rdata        000000
__Lreset_vec                   reset_vec    000000
__Lrparam                      rparam       000000
__Lsfr                         sfr          000000
__Lsmallconst                  smallconst   000000
__Lspace_0                     (abs)        000000
__Lspace_1                     (abs)        000000
__Lspace_2                     (abs)        000000
__Lspace_4                     (abs)        000000
__Lstack                       stack        000000
__Lstruct                      struct       000000
__Ltemp                        temp         000043
__Ltext                        text         000000
__Ltext0                       text0        000000
__Ltext1                       text1        000000
__Ltext10                      text10       000000
__Ltext11                      text11       000000
__Ltext12                      text12       000000
__Ltext13                      text13       000000
__Ltext14                      text14       000000
__Ltext15                      text15       000000
__Ltext16                      text16       000000
__Ltext17                      text17       000000
__Ltext18                      text18       000000
__Ltext19                      text19       000000
__Ltext2                       text2        000000
__Ltext20                      text20       000000
__Ltext21                      text21       000000
__Ltext22                      text22       000000
__Ltext23                      text23       000000
__Ltext25                      text25       000000
__Ltext26                      text26       000000
__Ltext27                      text27       000000
__Ltext29                      text29       000000
__Ltext3                       text3        000000
__Ltext30                      text30       000000
__Ltext31                      text31       000000
__Ltext32                      text32       000000
__Ltext33                      text33       000000
__Ltext34                      text34       000000
__Ltext35                      text35       000000
__Ltext36                      text36       000000
__Ltext4                       text4        000000
__Ltext5                       text5        000000
__Ltext6                       text6        000000
__Ltext7                       text7        000000
__Ltext8                       text8        000000
__Ltext9                       text9        000000
__S0                           (abs)        007DC0
__S1                           (abs)        00016E
__S4                           (abs)        000000
__S5                           (abs)        000000
___awdiv                       text23       000F5A
___awdiv@counter               cstackBANK0  000084
___awdiv@dividend              cstackBANK0  000080
___awdiv@divisor               cstackBANK0  000082
___awdiv@quotient              cstackBANK0  000086
___awdiv@sign                  cstackBANK0  000085
___awmod                       text17       0011A6
___awmod@counter               cstackBANK0  000084
___awmod@dividend              cstackBANK0  000080
___awmod@divisor               cstackBANK0  000082
___awmod@sign                  cstackBANK0  000085
___fldiv                       text16       000070
___fldiv@a                     cstackBANK0  000092
___fldiv@aexp                  cstackBANK0  0000A6
___fldiv@b                     cstackBANK0  00008E
___fldiv@bexp                  cstackBANK0  0000A5
___fldiv@grs                   cstackBANK0  0000A1
___fldiv@new_exp               cstackBANK0  00009F
___fldiv@rem                   cstackBANK0  00009A
___fldiv@sign                  cstackBANK0  00009E
___fltol                       text15       000D8A
___fltol@exp1                  cstackBANK0  0000B0
___fltol@f1                    cstackBANK0  0000A7
___fltol@sign1                 cstackBANK0  0000AF
___heap_hi                     (abs)        000000
___heap_lo                     (abs)        000000
___inthi_sp                    stack        000000
___intlo_sp                    stack        000000
___lwdiv                       text13       0015B4
___lwdiv@counter               cstackBANK0  000086
___lwdiv@dividend              cstackBANK0  000080
___lwdiv@divisor               cstackBANK0  000082
___lwdiv@quotient              cstackBANK0  000084
___lwmod                       text12       001706
___lwmod@counter               cstackBANK0  000084
___lwmod@dividend              cstackBANK0  000080
___lwmod@divisor               cstackBANK0  000082
___param_bank                  (abs)        000000
___rparam_used                 (abs)        000001
___sp                          stack        000000
___xxtofl                      text14       000A84
___xxtofl@arg                  cstackBANK0  00008A
___xxtofl@exp                  cstackBANK0  000089
___xxtofl@sign                 cstackBANK0  000088
___xxtofl@val                  cstackBANK0  000080
__accesstop                    (abs)        000080
__activetblptr                 (abs)        000002
__end_of_ADC_Initialize        text6        001982
__end_of_ADC_Read              text22       00139E
__end_of_CCP1_Initialize       text5        001924
__end_of_ClearBuffer           text21       0018BE
__end_of_GetString             text20       0019E8
__end_of_Hi_ISR                intcode_body 001536
__end_of_INTERRUPT_Initialize  text4        0019F8
__end_of_Lo_ISR                intcodelo    00006C
__end_of_Mode1                 text8        0007A4
__end_of_Mode2                 text7        000A84
__end_of_MyusartRead           text25       001706
__end_of_OSCILLATOR_Initialize text3        0019F0
__end_of_SYSTEM_Initialize     text1        0019B0
__end_of_UART_Initialize       text2        001946
__end_of_UART_Write            text19       00199A
__end_of_UART_Write_Text       text18       0014B4
__end_of___awdiv               text23       001020
__end_of___awmod               text17       001258
__end_of___fldiv               text16       00040C
__end_of___fltol               text15       000E92
__end_of___lwdiv               text13       00162A
__end_of___lwmod               text12       00176C
__end_of___xxtofl              text14       000C3C
__end_of__initialization       cinit        001956
__end_of_itoa                  text10       001826
__end_of_main                  text0        000D8A
__end_of_strcpy                text9        0018FA
__end_of_utoa                  text11       000F5A
__end_ofi1_UART_Write          text27       0019C6
__end_ofi1___awmod             text26       001308
__end_ofi2_ADC_Read            text35       001430
__end_ofi2_UART_Write          text34       0019DC
__end_ofi2_UART_Write_Text     text33       0015B4
__end_ofi2___awdiv             text36       0010E4
__end_ofi2___lwdiv             text32       00169E
__end_ofi2___lwmod             text31       0017D0
__end_ofi2_itoa                text29       00187A
__end_ofi2_utoa                text30       0011A6
__initialization               cinit        001946
__mediumconst                  mediumconst  007C50
__pbssBANK0                    bssBANK0     0000CE
__pbssCOMRAM                   bssCOMRAM    000041
__pcinit                       cinit        001946
__pcstackBANK0                 cstackBANK0  000080
__pcstackBANK1                 cstackBANK1  000100
__pcstackCOMRAM                cstackCOMRAM 000001
__pintcode                     intcode      000008
__pintcode_body                intcode_body 0014B4
__pintcodelo                   intcodelo    000018
__pmediumconst                 mediumconst  007C50
__ptext0                       text0        000C3C
__ptext1                       text1        00199A
__ptext10                      text10       0017D0
__ptext11                      text11       000E92
__ptext12                      text12       001706
__ptext13                      text13       0015B4
__ptext14                      text14       000A84
__ptext15                      text15       000D8A
__ptext16                      text16       000070
__ptext17                      text17       0011A6
__ptext18                      text18       001430
__ptext19                      text19       001982
__ptext2                       text2        001924
__ptext20                      text20       0019DC
__ptext21                      text21       00187A
__ptext22                      text22       001308
__ptext23                      text23       000F5A
__ptext25                      text25       00169E
__ptext26                      text26       001258
__ptext27                      text27       0019B0
__ptext29                      text29       001826
__ptext3                       text3        0019E8
__ptext30                      text30       0010E4
__ptext31                      text31       00176C
__ptext32                      text32       00162A
__ptext33                      text33       001536
__ptext34                      text34       0019C6
__ptext35                      text35       00139E
__ptext36                      text36       001020
__ptext4                       text4        0019F0
__ptext5                       text5        0018FA
__ptext6                       text6        001964
__ptext7                       text7        0007A4
__ptext8                       text8        00040C
__ptext9                       text9        0018BE
__ramtop                       ramtop       000600
__smallconst                   smallconst   000000
_flag                          bssBANK0     0000CE
_itoa                          text10       0017D0
_lenStr                        bssCOMRAM    000041
_main                          text0        000C3C
_mystring                      bssBANK0     0000E4
_str                           bssBANK0     0000D0
_strcpy                        text9        0018BE
_utoa                          text11       000E92
btemp                          temp         000043
end_of_initialization          cinit        001956
i1UART_Write@data              cstackCOMRAM 000035
i1_UART_Write                  text27       0019B0
i1___awmod                     text26       001258
i1___awmod@counter             cstackCOMRAM 000039
i1___awmod@dividend            cstackCOMRAM 000035
i1___awmod@divisor             cstackCOMRAM 000037
i1___awmod@sign                cstackCOMRAM 00003A
i2ADC_Read@digital             cstackCOMRAM 00000D
i2ADC_Read@maxtime             cstackCOMRAM 000009
i2ADC_Read@result              cstackCOMRAM 000011
i2UART_Write@data              cstackCOMRAM 000001
i2UART_Write_Text@i            cstackCOMRAM 00001D
i2UART_Write_Text@text         cstackCOMRAM 000019
i2_ADC_Read                    text35       00139E
i2_ADC_Read$1671               cstackCOMRAM 00000F
i2_UART_Write                  text34       0019C6
i2_UART_Write_Text             text33       001536
i2___awdiv                     text36       001020
i2___awdiv@counter             cstackCOMRAM 000005
i2___awdiv@dividend            cstackCOMRAM 000001
i2___awdiv@divisor             cstackCOMRAM 000003
i2___awdiv@quotient            cstackCOMRAM 000007
i2___awdiv@sign                cstackCOMRAM 000006
i2___lwdiv                     text32       00162A
i2___lwdiv@counter             cstackCOMRAM 000007
i2___lwdiv@dividend            cstackCOMRAM 000001
i2___lwdiv@divisor             cstackCOMRAM 000003
i2___lwdiv@quotient            cstackCOMRAM 000005
i2___lwmod                     text31       00176C
i2___lwmod@counter             cstackCOMRAM 000005
i2___lwmod@dividend            cstackCOMRAM 000001
i2___lwmod@divisor             cstackCOMRAM 000003
i2_itoa                        text29       001826
i2_utoa                        text30       0010E4
i2itoa@base                    cstackCOMRAM 000015
i2itoa@buf                     cstackCOMRAM 000011
i2itoa@cp                      cstackCOMRAM 000017
i2itoa@val                     cstackCOMRAM 000013
i2utoa@base                    cstackCOMRAM 00000C
i2utoa@buf                     cstackCOMRAM 000008
i2utoa@c                       cstackCOMRAM 000010
i2utoa@v                       cstackCOMRAM 00000E
i2utoa@val                     cstackCOMRAM 00000A
int$flags                      temp         000043
int_func                       intcode_body 0014B4
intlevel0                      text         000000
intlevel1                      text         000000
intlevel2                      text         000000
intlevel3                      text         000000
isa$std                        (abs)        000001
isa$xinst                      (abs)        000000
itoa@base                      cstackBANK0  000094
itoa@buf                       cstackBANK0  000090
itoa@cp                        cstackBANK0  000096
itoa@val                       cstackBANK0  000092
main@adc                       cstackBANK0  0000CA
main@i                         cstackBANK0  0000CC
stackhi                        (abs)        000000
stacklo                        (abs)        000000
start                          init         00006C
start_initialization           cinit        001946
strcpy@cp                      cstackBANK0  000086
strcpy@from                    cstackBANK0  000084
strcpy@to                      cstackBANK0  000082
ttemp5                         temp         000044
ttemp6                         temp         000047
ttemp7                         temp         00004B
utoa@base                      cstackBANK0  00008B
utoa@buf                       cstackBANK0  000087
utoa@c                         cstackBANK0  00008F
utoa@v                         cstackBANK0  00008D
utoa@val                       cstackBANK0  000089
wtemp8                         temp         000044


MODULE INFORMATION

Module		Function		Class		Link	Load	Size
C:\Program Files\Microchip\xc8\v2.40\pic\sources\c90\common\fltol.c
		___fltol       		CODE           	0D8A	0000	264

C:\Program Files\Microchip\xc8\v2.40\pic\sources\c90\common\fltol.c estimated size: 264

C:\Program Files\Microchip\xc8\v2.40\pic\sources\c90\common\strcpy.c
		_strcpy        		CODE           	18BE	0000	60

C:\Program Files\Microchip\xc8\v2.40\pic\sources\c90\common\strcpy.c estimated size: 60

setting_hardaware/interrupt_manager.c
		_INTERRUPT_Initialize		CODE           	19F0	0000	8

setting_hardaware/interrupt_manager.c estimated size: 8

C:\Program Files\Microchip\xc8\v2.40\pic\sources\c90\common\awdiv.c
		___awdiv       		CODE           	0F5A	0000	198

C:\Program Files\Microchip\xc8\v2.40\pic\sources\c90\common\awdiv.c estimated size: 198

setting_hardaware/uart.c
		_Lo_ISR        		CODE           	0018	0000	84
		_MyusartRead   		CODE           	169E	0000	104
		_UART_Write_Text		CODE           	1430	0000	132
		_GetString     		CODE           	19DC	0000	12
		_ClearBuffer   		CODE           	187A	0000	68
		_UART_Initialize		CODE           	1924	0000	34
		_UART_Write    		CODE           	1982	0000	24

setting_hardaware/uart.c estimated size: 458

C:\Program Files\Microchip\xc8\v2.40\pic\sources\c90\common\sprcdiv.c
		___fldiv       		CODE           	0070	0000	924

C:\Program Files\Microchip\xc8\v2.40\pic\sources\c90\common\sprcdiv.c estimated size: 924

setting_hardaware/ccp1.c
		_CCP1_Initialize		CODE           	18FA	0000	42

setting_hardaware/ccp1.c estimated size: 42

setting_hardaware/adc.c
		_ADC_Initialize		CODE           	1964	0000	30
		_ADC_Read      		CODE           	1308	0000	150

setting_hardaware/adc.c estimated size: 180

C:\Program Files\Microchip\xc8\v2.40\pic\sources\c90\common\lwmod.c
		___lwmod       		CODE           	1706	0000	102

C:\Program Files\Microchip\xc8\v2.40\pic\sources\c90\common\lwmod.c estimated size: 102

shared
		i2_utoa        		CODE           	10E4	0000	194
		i2___lwdiv     		CODE           	162A	0000	116
		i1_UART_Write  		CODE           	19B0	0000	22
		i2_UART_Write  		CODE           	19C6	0000	22
		i2___awdiv     		CODE           	1020	0000	196
		i2___lwmod     		CODE           	176C	0000	100
		__initialization		CODE           	1946	0000	16
		i1___awmod     		CODE           	1258	0000	176
		i2_itoa        		CODE           	1826	0000	84
		i2_UART_Write_Text		CODE           	1536	0000	126
		i2_ADC_Read    		CODE           	139E	0000	146

shared estimated size: 1198

C:\Program Files\Microchip\xc8\v2.40\pic\sources\c90\common\itoa.c
		_itoa          		CODE           	17D0	0000	86
		_utoa          		CODE           	0E92	0000	200

C:\Program Files\Microchip\xc8\v2.40\pic\sources\c90\common\itoa.c estimated size: 286

setting_hardaware/setting.c
		_OSCILLATOR_Initialize		CODE           	19E8	0000	8
		_SYSTEM_Initialize		CODE           	199A	0000	22

setting_hardaware/setting.c estimated size: 30

C:\Program Files\Microchip\xc8\v2.40\pic\sources\c90\common\awmod.c
		___awmod       		CODE           	11A6	0000	178

C:\Program Files\Microchip\xc8\v2.40\pic\sources\c90\common\awmod.c estimated size: 178

main.c
		_main          		CODE           	0C3C	0000	334
		_Mode1         		CODE           	040C	0000	920
		_Mode2         		CODE           	07A4	0000	736
		_Hi_ISR        		CODE           	0008	0000	136

main.c estimated size: 2126

C:\Program Files\Microchip\xc8\v2.40\pic\sources\c90\common\lwdiv.c
		___lwdiv       		CODE           	15B4	0000	118

C:\Program Files\Microchip\xc8\v2.40\pic\sources\c90\common\lwdiv.c estimated size: 118

C:\Program Files\Microchip\xc8\v2.40\pic\sources\c90\common\xxtofl.c
		___xxtofl      		CODE           	0A84	0000	440

C:\Program Files\Microchip\xc8\v2.40\pic\sources\c90\common\xxtofl.c estimated size: 440

