Microchip MPLAB XC8 Compiler V2.40

Linker command line:

-W-3 \
  --edf=C:\Program Files\Microchip\xc8\v2.40\pic\dat\20220703182018_en.msgs \
  -cn -h+dist/default/debug\FinalProject.X.debug.sym \
  --cmf=dist/default/debug\FinalProject.X.debug.cmf -z -Q18F4520 \
  -oC:\Users\USER\AppData\Local\Temp\xcAsml8.4 --defsym=__MPLAB_BUILD=1 \
  --fixupoverflow=error -Mdist/default/debug/FinalProject.X.debug.map \
  --md=C:\Users\USER\AppData\Local\Temp\xcAsml8.dat -E1 -ver=XC8 Compiler \
  --acfsm=1493 -ACODE=00h-07DBFh -ACONST=00h-07DBFh \
  -ASMALLCONST=0600h-06FFhx119,07D00h-07DBFh -AMEDIUMCONST=0600h-07DBFh \
  -ACOMRAM=01h-07Fh -AABS1=00h-05F3h -ABIGRAM=01h-05F3h \
  -ARAM=080h-0FFh,0100h-01FFhx4,0500h-05F3h -ABANK0=080h-0FFh \
  -ABANK1=0100h-01FFh -ABANK2=0200h-02FFh -ABANK3=0300h-03FFh \
  -ABANK4=0400h-04FFh -ABANK5=0500h-05F3h \
  -ASFR=0F80h-0F9Bh,0F9Dh-0FD3h,0FD5h-0FDAh,0FE0h-0FE2h,0FE8h-0FEAh,0FF0h-0FFCh \
  -ABIGSFR=0F80h-0F9Bh,0F9Dh-0FD3h,0FD5h-0FDAh,0FE0h-0FE2h,0FE8h-0FEAh,0FF0h-0FFCh \
  -ACONFIG=0300000h-030000Dh -AIDLOC=0200000h-0200007h \
  -AEEDATA=0F00000h-0F000FFh -peeprom_data=EEDATA \
  -preset_vec=00h,intcode=08h,intcodelo=018h,powerup,init -pramtop=0600h \
  -psmallconst=SMALLCONST -pmediumconst=MEDIUMCONST -pconst=CONST \
  -AFARRAM=00h-00h \
  -prdata=COMRAM,nvrram=COMRAM,nvbit=COMRAM,rbss=COMRAM,rbit=COMRAM \
  -pfarbss=FARRAM,fardata=FARRAM,nvFARRAM=FARRAM \
  -pintsave_regs=BIGRAM,bigbss=BIGRAM,bigdata=BIGRAM -pbss=RAM \
  -pidata=CODE,irdata=CODE,ibigdata=CODE,ifardata=CODE -prparam=COMRAM \
  C:\Users\USER\AppData\Local\Temp\xcAsml8.o \
  dist/default/debug\FinalProject.X.debug.o 

Object code version is 3.11

Machine type is 18F4520



                Name                               Link     Load   Length Selector   Space Scale
C:\Users\USER\AppData\Local\Temp\xcAsml8.o
                idloc                            200000   200000        8        0       5
                config                           300000   300000        E        0       4
                init                                 6C       6C        4        C       0
                reset_vec                             0        0        4        0       0
dist/default/debug\FinalProject.X.debug.o
                intcodelo                            18       18       54        C       0
                intcode                               8        8        6        4       0
                idloc                            200000   200000        8        0       5
                config                           300000   300000        E        0       4
                temp                                 4B       4B        1        1       1
                smallconst                          600      600       EC      300       0
                text37                             14FA     14FA       C4      376       0
                text36                             187A     187A       92      376       0
                text35                             1F4A     1F4A       16      F82       0
                text34                             1A12     1A12       7E      376       0
                text33                             1B06     1B06       74      376       0
                text32                             1C4A     1C4A       64      376       0
                text31                             15BE     15BE       C2      376       0
                text30                             1D66     1D66       54      376       0
                intcode_body                       1990     1990       82      376       0
                text28                             1F1C     1F1C       18      F82       0
                text27                             1732     1732       B2      376       0
                text26                             1B7A     1B7A       6A      376       0
                text24                             1434     1434       C6      376       0
                text23                             17E4     17E4       96      376       0
                text22                             1E00     1E00       44      376       0
                text21                             1F60     1F60        C      F82       0
                text20                             1F04     1F04       18      F82       0
                text19                             190C     190C       84      376       0
                text18                              6EC      6EC      39C      376       0
                text17                             1264     1264      108      376       0
                text16                              DB2      DB2      1B8      376       0
                text15                             1A90     1A90       76      376       0
                text14                             1BE4     1BE4       66      376       0
                text13                             136C     136C       C8      376       0
                text12                             1D10     1D10       56      376       0
                text11                             1CAE     1CAE       62      376       0
                text10                             1E44     1E44       3C      376       0
                text9                               A88      A88      32A      376       0
                text8                              1680     1680       B2      376       0
                text7                               F6A      F6A      1B6      376       0
                text6                              1ECC     1ECC       1E      376       0
                text5                              1E80     1E80       2A      376       0
                text4                              1F74     1F74        8      F82       0
                text3                              1F6C     1F6C        8      F82       0
                text2                              1EAA     1EAA       22      376       0
                text1                              1F34     1F34       16      F82       0
                text0                              1120     1120      144      376       0
                cstackCOMRAM                          1        1       34        1       1
                cstackBANK0                          80       80       53       80       1
                cstackBANK1                         100      100       85      100       1
                dataBANK1                           185      185       19      100       1
                bssBANK0                             D3       D3       16       80       1
                bssCOMRAM                            35       35       16        1       1
                cinit                              1DBA     1DBA       46      376       0
                idataBANK1                         1EEA     1EEA       19      376       0

TOTAL           Name                               Link     Load   Length     Space
        CLASS   CODE           
                intcodelo                            18       18       54         0
                intcode                               8        8        6         0
                init                                 6C       6C        4         0
                reset_vec                             0        0        4         0
                text37                             14FA     14FA       C4         0
                text36                             187A     187A       92         0
                text35                             1F4A     1F4A       16         0
                text34                             1A12     1A12       7E         0
                text33                             1B06     1B06       74         0
                text32                             1C4A     1C4A       64         0
                text31                             15BE     15BE       C2         0
                text30                             1D66     1D66       54         0
                intcode_body                       1990     1990       82         0
                text28                             1F1C     1F1C       18         0
                text27                             1732     1732       B2         0
                text26                             1B7A     1B7A       6A         0
                text24                             1434     1434       C6         0
                text23                             17E4     17E4       96         0
                text22                             1E00     1E00       44         0
                text21                             1F60     1F60        C         0
                text20                             1F04     1F04       18         0
                text19                             190C     190C       84         0
                text18                              6EC      6EC      39C         0
                text17                             1264     1264      108         0
                text16                              DB2      DB2      1B8         0
                text15                             1A90     1A90       76         0
                text14                             1BE4     1BE4       66         0
                text13                             136C     136C       C8         0
                text12                             1D10     1D10       56         0
                text11                             1CAE     1CAE       62         0
                text10                             1E44     1E44       3C         0
                text9                               A88      A88      32A         0
                text8                              1680     1680       B2         0
                text7                               F6A      F6A      1B6         0
                text6                              1ECC     1ECC       1E         0
                text5                              1E80     1E80       2A         0
                text4                              1F74     1F74        8         0
                text3                              1F6C     1F6C        8         0
                text2                              1EAA     1EAA       22         0
                text1                              1F34     1F34       16         0
                text0                              1120     1120      144         0
                cinit                              1DBA     1DBA       46         0
                idataBANK1                         1EEA     1EEA       19         0

        CLASS   CONST          

        CLASS   SMALLCONST     
                smallconst                          600      600       EC         0

        CLASS   MEDIUMCONST    

        CLASS   COMRAM         
                temp                                 4B       4B        1         1
                cstackCOMRAM                          1        1       34         1
                bssCOMRAM                            35       35       16         1

        CLASS   ABS1           

        CLASS   BIGRAM         

        CLASS   RAM            

        CLASS   BANK0          
                cstackBANK0                          80       80       53         1
                bssBANK0                             D3       D3       16         1

        CLASS   BANK1          
                cstackBANK1                         100      100       85         1
                dataBANK1                           185      185       19         1

        CLASS   BANK2          

        CLASS   BANK3          

        CLASS   BANK4          

        CLASS   BANK5          

        CLASS   SFR            

        CLASS   BIGSFR         

        CLASS   CONFIG         
                config                           300000   300000        E         4

        CLASS   IDLOC          
                idloc                            200000   200000        8         5

        CLASS   EEDATA         

        CLASS   FARRAM         

        CLASS   HEAP           

        CLASS   STACK          



SEGMENTS        Name                           Load    Length   Top    Selector   Space  Class

                reset_vec                      000000  000004  000004         0       0  CODE    
                cstackCOMRAM                   000001  00004B  00004C         1       1  COMRAM  
                intcode                        000008  000006  00000E         4       0  CODE    
                intcodelo                      000018  000058  000070         C       0  CODE    
                cstackBANK0                    000080  000069  0000E9        80       1  BANK0   
                cstackBANK1                    000100  00009E  00019E       100       1  BANK1   
                smallconst                     000600  0000EC  0006EC       300       0  SMALLCON
                text18                         0006EC  001817  001F03       376       0  CODE    
                text20                         001F04  000078  001F7C       F82       0  CODE    


UNUSED ADDRESS RANGES

        Name                Unused          Largest block    Delta
        BANK0            0000E9-0000FF               17
        BANK1            00019E-0001FF               62
        BANK2            000200-0002FF              100
        BANK3            000300-0003FF              100
        BANK4            000400-0004FF              100
        BANK5            000500-0005F3               F4
        BIGRAM           00004C-00007F               34
                         0000E9-0000FF               17
                         00019E-0005F3              456
        BIGSFR           000F80-000F9B               1C
                         000F9D-000FD3               37
                         000FD5-000FDA                6
                         000FE0-000FE2                3
                         000FE8-000FEA                3
                         000FF0-000FFC                D
        CODE             000004-000007                4
                         00000E-000017                A
                         000070-0005FF              590
                         001F03-001F03                1
                         001F7C-007DBF             5E44
        COMRAM           00004C-00007F               34
        CONST            000004-000007                4
                         00000E-000017                A
                         000070-0005FF              590
                         001F03-001F03                1
                         001F7C-007DBF             5E44
        EEDATA           F00000-F000FF              100
        MEDIUMCONST      001F03-001F03                1
                         001F7C-007DBF             5E44
        RAM              0000E9-0000FF               17
                         00019E-0005F3              100
        SFR              000F80-000F9B               1C
                         000F9D-000FD3               37
                         000FD5-000FDA                6
                         000FE0-000FE2                3
                         000FE8-000FEA                3
                         000FF0-000FFC                D
        SMALLCONST       001F03-001F03                1
                         001F7C-007DBF              100

                                  Symbol Table

?_ADC_Read                     cstackBANK0  000094
?_GetString                    cstackBANK0  00008C
?___awdiv                      cstackBANK0  00008C
?___awmod                      cstackBANK0  00008C
?___fldiv                      cstackBANK0  00009A
?___fltol                      cstackBANK0  0000B3
?___lwdiv                      cstackBANK0  00008C
?___lwmod                      cstackBANK0  00008C
?___xxtofl                     cstackBANK0  00008C
?_itoa                         cstackBANK0  00009C
?_strcmp                       cstackBANK0  00008C
?i1___awmod                    cstackBANK0  000080
?i2_ADC_Read                   cstackCOMRAM 000009
?i2___awdiv                    cstackCOMRAM 000001
?i2___lwdiv                    cstackCOMRAM 000001
?i2___lwmod                    cstackCOMRAM 000001
?i2_itoa                       cstackCOMRAM 000011
ADC_Read@digital               cstackBANK0  000098
ADC_Read@maxtime               cstackBANK0  000094
ADC_Read@result                cstackBANK0  00009C
ClearBuffer@i                  cstackBANK0  00008C
Hi_ISR@intstr                  cstackCOMRAM 000027
Hi_ISR@number                  cstackCOMRAM 000033
Mode1@a                        cstackBANK0  0000D1
Mode1@bg_time                  cstackBANK0  0000CF
Mode1@mes                      cstackBANK0  0000C3
Mode1@succeed                  cstackBANK0  0000CD
Mode1@time                     cstackBANK0  0000BD
Mode2@m                        cstackBANK1  000100
Mode2@min                      cstackBANK1  000164
Mode2@s                        cstackBANK1  000132
Mode2@sec                      cstackBANK1  000166
Mode2@timer                    cstackBANK1  000168
UART_Write@data                cstackBANK0  00008C
UART_Write_Text@i              cstackBANK0  0000A8
UART_Write_Text@text           cstackBANK0  0000A4
_ADCON0                        (abs)        000FC2
_ADCON0bits                    (abs)        000FC2
_ADCON1                        (abs)        000FC1
_ADCON2                        (abs)        000FC0
_ADCON2bits                    (abs)        000FC0
_ADC_Initialize                text6        001ECC
_ADC_Read                      text23       0017E4
_ADC_Read$1655                 cstackBANK0  00009A
_ADFM                          (abs)        007E07
_ADRESH                        (abs)        000FC4
_ADRESL                        (abs)        000FC3
_BAUDCONbits                   (abs)        000FB8
_CCP1CON                       (abs)        000FBD
_CCP1CONbits                   (abs)        000FBD
_CCP1_Initialize               text5        001E80
_CCPR1L                        (abs)        000FBE
_CREN                          (abs)        007D5C
_ClearBuffer                   text22       001E00
_GetString                     text21       001F60
_Hi_ISR                        intcode      000008
_INTCONbits                    (abs)        000FF2
_INTERRUPT_Initialize          text4        001F74
_IPR1bits                      (abs)        000F9F
_IRCF0                         (abs)        007E9C
_IRCF1                         (abs)        007E9D
_IRCF2                         (abs)        007E9E
_LATD                          (abs)        000F8C
_LATDbits                      (abs)        000F8C
_Lo_ISR                        intcodelo    000018
_Mode1                         text9        000A88
_Mode2                         text7        000F6A
_MyusartRead                   text26       001B7A
_OSCILLATOR_Initialize         text3        001F6C
_PIE1bits                      (abs)        000F9D
_PIR1bits                      (abs)        000F9E
_PR2                           (abs)        000FCB
_RA2                           (abs)        007C02
_RA3                           (abs)        007C03
_RCIF                          (abs)        007CF5
_RCONbits                      (abs)        000FD0
_RCREG                         (abs)        000FAE
_RCSTAbits                     (abs)        000FAB
_SPBRG                         (abs)        000FAF
_SYSTEM_Initialize             text1        001F34
_T1CON                         (abs)        000FCD
_T2CONbits                     (abs)        000FCA
_TMR1H                         (abs)        000FCF
_TMR1L                         (abs)        000FCE
_TMR1ON                        (abs)        007E68
_TRISA                         (abs)        000F92
_TRISAbits                     (abs)        000F92
_TRISCbits                     (abs)        000F94
_TRISD                         (abs)        000F95
_TXREG                         (abs)        000FAD
_TXSTAbits                     (abs)        000FAC
_UART_Initialize               text2        001EAA
_UART_Write                    text20       001F04
_UART_Write_Text               text19       00190C
__HRAM                         (abs)        000000
__Habs1                        abs1         000000
__Hbank0                       bank0        000000
__Hbank1                       bank1        000000
__Hbank2                       bank2        000000
__Hbank3                       bank3        000000
__Hbank4                       bank4        000000
__Hbank5                       bank5        000000
__Hbigbss                      bigbss       000000
__Hbigdata                     bigdata      000000
__Hbigram                      bigram       000000
__Hbigsfr                      bigsfr       000000
__Hbss                         bss          000000
__HbssBANK0                    bssBANK0     000000
__HbssCOMRAM                   bssCOMRAM    000000
__Hcinit                       cinit        000000
__Hclrtext                     clrtext      000000
__Hcomram                      comram       000000
__Hconfig                      config       30000E
__Hconst                       const        000000
__HcstackBANK0                 cstackBANK0  000000
__HcstackBANK1                 cstackBANK1  000000
__HcstackCOMRAM                cstackCOMRAM 000000
__Hdata                        data         000000
__HdataBANK1                   dataBANK1    000000
__Heeprom_data                 eeprom_data  000000
__Hfarbss                      farbss       000000
__Hfardata                     fardata      000000
__Hheap                        heap         000000
__Hibigdata                    ibigdata     000000
__Hidata                       idata        000000
__HidataBANK1                  idataBANK1   000000
__Hidloc                       idloc        200008
__Hifardata                    ifardata     000000
__Hinit                        init         000070
__Hintcode                     intcode      00000E
__Hintcode_body                intcode_body 000000
__Hintcodelo                   intcodelo    00006C
__Hintentry                    intentry     000000
__Hintret                      intret       000000
__Hintsave_regs                intsave_regs 000000
__Hirdata                      irdata       000000
__Hmediumconst                 mediumconst  000000
__HnvFARRAM                    nvFARRAM     000000
__Hnvbit                       nvbit        000000
__Hnvrram                      nvrram       000000
__Hparam                       rparam       000000
__Hpowerup                     powerup      00006C
__Hram                         ram          000000
__Hramtop                      ramtop       000600
__Hrbit                        rbit         000000
__Hrbss                        rbss         000000
__Hrdata                       rdata        000000
__Hreset_vec                   reset_vec    000004
__Hrparam                      rparam       000000
__Hsfr                         sfr          000000
__Hsmallconst                  smallconst   0006EC
__Hspace_0                     (abs)        001F7C
__Hspace_1                     (abs)        00019E
__Hspace_2                     (abs)        000000
__Hspace_4                     (abs)        60000E
__Hstack                       stack        000000
__Hstruct                      struct       000000
__Htemp                        temp         00004C
__Htext                        text         000000
__Htext0                       text0        000000
__Htext1                       text1        000000
__Htext10                      text10       000000
__Htext11                      text11       000000
__Htext12                      text12       000000
__Htext13                      text13       000000
__Htext14                      text14       000000
__Htext15                      text15       000000
__Htext16                      text16       000000
__Htext17                      text17       000000
__Htext18                      text18       000000
__Htext19                      text19       000000
__Htext2                       text2        000000
__Htext20                      text20       000000
__Htext21                      text21       000000
__Htext22                      text22       000000
__Htext23                      text23       000000
__Htext24                      text24       000000
__Htext26                      text26       000000
__Htext27                      text27       000000
__Htext28                      text28       000000
__Htext3                       text3        000000
__Htext30                      text30       000000
__Htext31                      text31       000000
__Htext32                      text32       000000
__Htext33                      text33       000000
__Htext34                      text34       000000
__Htext35                      text35       000000
__Htext36                      text36       000000
__Htext37                      text37       000000
__Htext4                       text4        000000
__Htext5                       text5        000000
__Htext6                       text6        000000
__Htext7                       text7        000000
__Htext8                       text8        000000
__Htext9                       text9        000000
__LRAM                         (abs)        000001
__Labs1                        abs1         000000
__Lbank0                       bank0        000000
__Lbank1                       bank1        000000
__Lbank2                       bank2        000000
__Lbank3                       bank3        000000
__Lbank4                       bank4        000000
__Lbank5                       bank5        000000
__Lbigbss                      bigbss       000000
__Lbigdata                     bigdata      000000
__Lbigram                      bigram       000000
__Lbigsfr                      bigsfr       000000
__Lbss                         bss          000000
__LbssBANK0                    bssBANK0     000000
__LbssCOMRAM                   bssCOMRAM    000000
__Lcinit                       cinit        000000
__Lclrtext                     clrtext      000000
__Lcomram                      comram       000000
__Lconfig                      config       000000
__Lconst                       const        000000
__LcstackBANK0                 cstackBANK0  000000
__LcstackBANK1                 cstackBANK1  000000
__LcstackCOMRAM                cstackCOMRAM 000000
__Ldata                        data         000000
__LdataBANK1                   dataBANK1    000000
__Leeprom_data                 eeprom_data  000000
__Lfarbss                      farbss       000000
__Lfardata                     fardata      000000
__Lheap                        heap         000000
__Libigdata                    ibigdata     000000
__Lidata                       idata        000000
__LidataBANK1                  idataBANK1   000000
__Lidloc                       idloc        000000
__Lifardata                    ifardata     000000
__Linit                        init         00006C
__Lintcode                     intcode      000008
__Lintcode_body                intcode_body 000000
__Lintcodelo                   intcodelo    000018
__Lintentry                    intentry     000000
__Lintret                      intret       000000
__Lintsave_regs                intsave_regs 000000
__Lirdata                      irdata       000000
__Lmediumconst                 mediumconst  000000
__LnvFARRAM                    nvFARRAM     000000
__Lnvbit                       nvbit        000000
__Lnvrram                      nvrram       000000
__Lparam                       rparam       000000
__Lpowerup                     powerup      00006C
__Lram                         ram          000000
__Lramtop                      ramtop       000600
__Lrbit                        rbit         000000
__Lrbss                        rbss         000000
__Lrdata                       rdata        000000
__Lreset_vec                   reset_vec    000000
__Lrparam                      rparam       000000
__Lsfr                         sfr          000000
__Lsmallconst                  smallconst   000600
__Lspace_0                     (abs)        000000
__Lspace_1                     (abs)        000000
__Lspace_2                     (abs)        000000
__Lspace_4                     (abs)        000000
__Lstack                       stack        000000
__Lstruct                      struct       000000
__Ltemp                        temp         00004B
__Ltext                        text         000000
__Ltext0                       text0        000000
__Ltext1                       text1        000000
__Ltext10                      text10       000000
__Ltext11                      text11       000000
__Ltext12                      text12       000000
__Ltext13                      text13       000000
__Ltext14                      text14       000000
__Ltext15                      text15       000000
__Ltext16                      text16       000000
__Ltext17                      text17       000000
__Ltext18                      text18       000000
__Ltext19                      text19       000000
__Ltext2                       text2        000000
__Ltext20                      text20       000000
__Ltext21                      text21       000000
__Ltext22                      text22       000000
__Ltext23                      text23       000000
__Ltext24                      text24       000000
__Ltext26                      text26       000000
__Ltext27                      text27       000000
__Ltext28                      text28       000000
__Ltext3                       text3        000000
__Ltext30                      text30       000000
__Ltext31                      text31       000000
__Ltext32                      text32       000000
__Ltext33                      text33       000000
__Ltext34                      text34       000000
__Ltext35                      text35       000000
__Ltext36                      text36       000000
__Ltext37                      text37       000000
__Ltext4                       text4        000000
__Ltext5                       text5        000000
__Ltext6                       text6        000000
__Ltext7                       text7        000000
__Ltext8                       text8        000000
__Ltext9                       text9        000000
__S0                           (abs)        001F7C
__S1                           (abs)        00019E
__S4                           (abs)        000000
__S5                           (abs)        000000
___awdiv                       text24       001434
___awdiv@counter               cstackBANK0  000090
___awdiv@dividend              cstackBANK0  00008C
___awdiv@divisor               cstackBANK0  00008E
___awdiv@quotient              cstackBANK0  000092
___awdiv@sign                  cstackBANK0  000091
___awmod                       text8        001680
___awmod@counter               cstackBANK0  000090
___awmod@dividend              cstackBANK0  00008C
___awmod@divisor               cstackBANK0  00008E
___awmod@sign                  cstackBANK0  000091
___fldiv                       text18       0006EC
___fldiv@a                     cstackBANK0  00009E
___fldiv@aexp                  cstackBANK0  0000B2
___fldiv@b                     cstackBANK0  00009A
___fldiv@bexp                  cstackBANK0  0000B1
___fldiv@grs                   cstackBANK0  0000AD
___fldiv@new_exp               cstackBANK0  0000AB
___fldiv@rem                   cstackBANK0  0000A6
___fldiv@sign                  cstackBANK0  0000AA
___fltol                       text17       001264
___fltol@exp1                  cstackBANK0  0000BC
___fltol@f1                    cstackBANK0  0000B3
___fltol@sign1                 cstackBANK0  0000BB
___heap_hi                     (abs)        000000
___heap_lo                     (abs)        000000
___inthi_sp                    stack        000000
___intlo_sp                    stack        000000
___lwdiv                       text15       001A90
___lwdiv@counter               cstackBANK0  000090
___lwdiv@dividend              cstackBANK0  00008C
___lwdiv@divisor               cstackBANK0  00008E
___lwdiv@quotient              cstackBANK0  000091
___lwmod                       text14       001BE4
___lwmod@counter               cstackBANK0  000090
___lwmod@dividend              cstackBANK0  00008C
___lwmod@divisor               cstackBANK0  00008E
___param_bank                  (abs)        000000
___rparam_used                 (abs)        000001
___sp                          stack        000000
___xxtofl                      text16       000DB2
___xxtofl@arg                  cstackBANK0  000096
___xxtofl@exp                  cstackBANK0  000095
___xxtofl@sign                 cstackBANK0  000094
___xxtofl@val                  cstackBANK0  00008C
__accesstop                    (abs)        000080
__activetblptr                 (abs)        000002
__end_of_ADC_Initialize        text6        001EEA
__end_of_ADC_Read              text23       00187A
__end_of_CCP1_Initialize       text5        001EAA
__end_of_ClearBuffer           text22       001E44
__end_of_GetString             text21       001F6C
__end_of_Hi_ISR                intcode_body 001A12
__end_of_INTERRUPT_Initialize  text4        001F7C
__end_of_Lo_ISR                intcodelo    00006C
__end_of_Mode1                 text9        000DB2
__end_of_Mode2                 text7        001120
__end_of_MyusartRead           text26       001BE4
__end_of_OSCILLATOR_Initialize text3        001F74
__end_of_SYSTEM_Initialize     text1        001F4A
__end_of_UART_Initialize       text2        001ECC
__end_of_UART_Write            text20       001F1C
__end_of_UART_Write_Text       text19       001990
__end_of___awdiv               text24       0014FA
__end_of___awmod               text8        001732
__end_of___fldiv               text18       000A88
__end_of___fltol               text17       00136C
__end_of___lwdiv               text15       001B06
__end_of___lwmod               text14       001C4A
__end_of___xxtofl              text16       000F6A
__end_of__initialization       cinit        001DF2
__end_of_itoa                  text12       001D66
__end_of_main                  text0        001264
__end_of_strcmp                text11       001D10
__end_of_strcpy                text10       001E80
__end_of_utoa                  text13       001434
__end_ofi1_UART_Write          text28       001F34
__end_ofi1___awmod             text27       0017E4
__end_ofi2_ADC_Read            text36       00190C
__end_ofi2_UART_Write          text35       001F60
__end_ofi2_UART_Write_Text     text34       001A90
__end_ofi2___awdiv             text37       0015BE
__end_ofi2___lwdiv             text33       001B7A
__end_ofi2___lwmod             text32       001CAE
__end_ofi2_itoa                text30       001DBA
__end_ofi2_utoa                text31       001680
__initialization               cinit        001DBA
__mediumconst                  mediumconst  000000
__pbssBANK0                    bssBANK0     0000D3
__pbssCOMRAM                   bssCOMRAM    000035
__pcinit                       cinit        001DBA
__pcstackBANK0                 cstackBANK0  000080
__pcstackBANK1                 cstackBANK1  000100
__pcstackCOMRAM                cstackCOMRAM 000001
__pdataBANK1                   dataBANK1    000185
__pidataBANK1                  idataBANK1   001EEA
__pintcode                     intcode      000008
__pintcode_body                intcode_body 001990
__pintcodelo                   intcodelo    000018
__psmallconst                  smallconst   000600
__ptext0                       text0        001120
__ptext1                       text1        001F34
__ptext10                      text10       001E44
__ptext11                      text11       001CAE
__ptext12                      text12       001D10
__ptext13                      text13       00136C
__ptext14                      text14       001BE4
__ptext15                      text15       001A90
__ptext16                      text16       000DB2
__ptext17                      text17       001264
__ptext18                      text18       0006EC
__ptext19                      text19       00190C
__ptext2                       text2        001EAA
__ptext20                      text20       001F04
__ptext21                      text21       001F60
__ptext22                      text22       001E00
__ptext23                      text23       0017E4
__ptext24                      text24       001434
__ptext26                      text26       001B7A
__ptext27                      text27       001732
__ptext28                      text28       001F1C
__ptext3                       text3        001F6C
__ptext30                      text30       001D66
__ptext31                      text31       0015BE
__ptext32                      text32       001C4A
__ptext33                      text33       001B06
__ptext34                      text34       001A12
__ptext35                      text35       001F4A
__ptext36                      text36       00187A
__ptext37                      text37       0014FA
__ptext4                       text4        001F74
__ptext5                       text5        001E80
__ptext6                       text6        001ECC
__ptext7                       text7        000F6A
__ptext8                       text8        001680
__ptext9                       text9        000A88
__ramtop                       ramtop       000600
__smallconst                   smallconst   000600
_flag                          bssBANK0     0000D3
_itoa                          text12       001D10
_lenStr                        bssCOMRAM    000035
_main                          text0        001120
_mystring                      bssCOMRAM    000037
_str                           bssBANK0     0000D5
_strcmp                        text11       001CAE
_strcpy                        text10       001E44
_utoa                          text13       00136C
btemp                          temp         00004B
end_of_initialization          cinit        001DF2
i1UART_Write@data              cstackBANK0  000080
i1_UART_Write                  text28       001F1C
i1___awmod                     text27       001732
i1___awmod@counter             cstackBANK0  000084
i1___awmod@dividend            cstackBANK0  000080
i1___awmod@divisor             cstackBANK0  000082
i1___awmod@sign                cstackBANK0  000085
i2ADC_Read@digital             cstackCOMRAM 00000D
i2ADC_Read@maxtime             cstackCOMRAM 000009
i2ADC_Read@result              cstackCOMRAM 000011
i2UART_Write@data              cstackCOMRAM 000001
i2UART_Write_Text@i            cstackCOMRAM 00001D
i2UART_Write_Text@text         cstackCOMRAM 000019
i2_ADC_Read                    text36       00187A
i2_ADC_Read$1730               cstackCOMRAM 00000F
i2_UART_Write                  text35       001F4A
i2_UART_Write_Text             text34       001A12
i2___awdiv                     text37       0014FA
i2___awdiv@counter             cstackCOMRAM 000005
i2___awdiv@dividend            cstackCOMRAM 000001
i2___awdiv@divisor             cstackCOMRAM 000003
i2___awdiv@quotient            cstackCOMRAM 000007
i2___awdiv@sign                cstackCOMRAM 000006
i2___lwdiv                     text33       001B06
i2___lwdiv@counter             cstackCOMRAM 000007
i2___lwdiv@dividend            cstackCOMRAM 000001
i2___lwdiv@divisor             cstackCOMRAM 000003
i2___lwdiv@quotient            cstackCOMRAM 000005
i2___lwmod                     text32       001C4A
i2___lwmod@counter             cstackCOMRAM 000005
i2___lwmod@dividend            cstackCOMRAM 000001
i2___lwmod@divisor             cstackCOMRAM 000003
i2_itoa                        text30       001D66
i2_utoa                        text31       0015BE
i2itoa@base                    cstackCOMRAM 000015
i2itoa@buf                     cstackCOMRAM 000011
i2itoa@cp                      cstackCOMRAM 000017
i2itoa@val                     cstackCOMRAM 000013
i2utoa@base                    cstackCOMRAM 00000C
i2utoa@buf                     cstackCOMRAM 000008
i2utoa@c                       cstackCOMRAM 000010
i2utoa@v                       cstackCOMRAM 00000E
i2utoa@val                     cstackCOMRAM 00000A
int$flags                      temp         00004B
int_func                       intcode_body 001990
intlevel0                      text         000000
intlevel1                      text         000000
intlevel2                      text         000000
intlevel3                      text         000000
isa$std                        (abs)        000001
isa$xinst                      (abs)        000000
itoa@base                      cstackBANK0  0000A0
itoa@buf                       cstackBANK0  00009C
itoa@cp                        cstackBANK0  0000A2
itoa@val                       cstackBANK0  00009E
main@F2731                     dataBANK1    000185
main@adc                       cstackBANK1  000183
main@mes                       cstackBANK1  00016A
stackhi                        (abs)        000000
stacklo                        (abs)        000000
start                          init         00006C
start_initialization           cinit        001DBA
strcmp@r                       cstackBANK0  000092
strcmp@s1                      cstackBANK0  00008C
strcmp@s2                      cstackBANK0  00008E
strcpy@cp                      cstackBANK0  000092
strcpy@from                    cstackBANK0  000090
strcpy@to                      cstackBANK0  00008E
ttemp5                         temp         00004C
ttemp6                         temp         00004F
ttemp7                         temp         000053
utoa@base                      cstackBANK0  000097
utoa@buf                       cstackBANK0  000093
utoa@c                         cstackBANK0  00009B
utoa@v                         cstackBANK0  000099
utoa@val                       cstackBANK0  000095
wtemp8                         temp         00004C


MODULE INFORMATION

Module		Function		Class		Link	Load	Size
C:\Program Files\Microchip\xc8\v2.40\pic\sources\c90\common\fltol.c
		___fltol       		CODE           	1264	0000	264

C:\Program Files\Microchip\xc8\v2.40\pic\sources\c90\common\fltol.c estimated size: 264

C:\Program Files\Microchip\xc8\v2.40\pic\sources\c90\common\strcmp.c
		_strcmp        		CODE           	1CAE	0000	98

C:\Program Files\Microchip\xc8\v2.40\pic\sources\c90\common\strcmp.c estimated size: 98

C:\Program Files\Microchip\xc8\v2.40\pic\sources\c90\common\strcpy.c
		_strcpy        		CODE           	1E44	0000	60

C:\Program Files\Microchip\xc8\v2.40\pic\sources\c90\common\strcpy.c estimated size: 60

setting_hardaware/interrupt_manager.c
		_INTERRUPT_Initialize		CODE           	1F74	0000	8

setting_hardaware/interrupt_manager.c estimated size: 8

C:\Program Files\Microchip\xc8\v2.40\pic\sources\c90\common\awdiv.c
		___awdiv       		CODE           	1434	0000	198

C:\Program Files\Microchip\xc8\v2.40\pic\sources\c90\common\awdiv.c estimated size: 198

setting_hardaware/uart.c
		_Lo_ISR        		CODE           	0018	0000	84
		_MyusartRead   		CODE           	1B7A	0000	106
		_UART_Write_Text		CODE           	190C	0000	132
		_GetString     		CODE           	1F60	0000	12
		_ClearBuffer   		CODE           	1E00	0000	68
		_UART_Initialize		CODE           	1EAA	0000	34
		_UART_Write    		CODE           	1F04	0000	24

setting_hardaware/uart.c estimated size: 460

C:\Program Files\Microchip\xc8\v2.40\pic\sources\c90\common\sprcdiv.c
		___fldiv       		CODE           	06EC	0000	924

C:\Program Files\Microchip\xc8\v2.40\pic\sources\c90\common\sprcdiv.c estimated size: 924

setting_hardaware/ccp1.c
		_CCP1_Initialize		CODE           	1E80	0000	42

setting_hardaware/ccp1.c estimated size: 42

setting_hardaware/adc.c
		_ADC_Initialize		CODE           	1ECC	0000	30
		_ADC_Read      		CODE           	17E4	0000	150

setting_hardaware/adc.c estimated size: 180

C:\Program Files\Microchip\xc8\v2.40\pic\sources\c90\common\lwmod.c
		___lwmod       		CODE           	1BE4	0000	102

C:\Program Files\Microchip\xc8\v2.40\pic\sources\c90\common\lwmod.c estimated size: 102

shared
		i2_utoa        		CODE           	15BE	0000	194
		i2___lwdiv     		CODE           	1B06	0000	116
		i1_UART_Write  		CODE           	1F1C	0000	24
		i2_UART_Write  		CODE           	1F4A	0000	22
		i2___awdiv     		CODE           	14FA	0000	196
		i2___lwmod     		CODE           	1C4A	0000	100
		__initialization		CODE           	1DBA	0000	56
		i1___awmod     		CODE           	1732	0000	178
		i2_itoa        		CODE           	1D66	0000	84
		i2_UART_Write_Text		CODE           	1A12	0000	126
		i2_ADC_Read    		CODE           	187A	0000	146

shared estimated size: 1242

C:\Program Files\Microchip\xc8\v2.40\pic\sources\c90\common\itoa.c
		_itoa          		CODE           	1D10	0000	86
		_utoa          		CODE           	136C	0000	200

C:\Program Files\Microchip\xc8\v2.40\pic\sources\c90\common\itoa.c estimated size: 286

setting_hardaware/setting.c
		_OSCILLATOR_Initialize		CODE           	1F6C	0000	8
		_SYSTEM_Initialize		CODE           	1F34	0000	22

setting_hardaware/setting.c estimated size: 30

C:\Program Files\Microchip\xc8\v2.40\pic\sources\c90\common\awmod.c
		___awmod       		CODE           	1680	0000	178

C:\Program Files\Microchip\xc8\v2.40\pic\sources\c90\common\awmod.c estimated size: 178

main.c
		_main          		CODE           	1120	0000	324
		_Mode1         		CODE           	0A88	0000	810
		_Mode2         		CODE           	0F6A	0000	438
		_Hi_ISR        		CODE           	0008	0000	136

main.c estimated size: 1708

C:\Program Files\Microchip\xc8\v2.40\pic\sources\c90\common\lwdiv.c
		___lwdiv       		CODE           	1A90	0000	118

C:\Program Files\Microchip\xc8\v2.40\pic\sources\c90\common\lwdiv.c estimated size: 118

C:\Program Files\Microchip\xc8\v2.40\pic\sources\c90\common\xxtofl.c
		___xxtofl      		CODE           	0DB2	0000	440

C:\Program Files\Microchip\xc8\v2.40\pic\sources\c90\common\xxtofl.c estimated size: 440

